// Jest Snapshot v1, https://goo.gl/fbAQLP

exports[`parses crontab file correctly 1`] = `
Array [
  Object {
    "dates": Array [
      1,
      2,
      3,
      4,
      5,
      6,
      7,
      8,
      9,
      10,
      11,
      12,
      13,
      14,
      15,
      16,
      17,
      18,
      19,
      20,
      21,
      22,
      23,
      24,
      25,
      26,
      27,
      28,
      29,
      30,
      31,
    ],
    "dows": Array [
      0,
      1,
      2,
      3,
      4,
      5,
      6,
    ],
    "hours": Array [
      0,
      1,
      2,
      3,
      4,
      5,
      6,
      7,
      8,
      9,
      10,
      11,
      12,
      13,
      14,
      15,
      16,
      17,
      18,
      19,
      20,
      21,
      22,
      23,
    ],
    "identifier": "simple",
    "minutes": Array [
      0,
      1,
      2,
      3,
      4,
      5,
      6,
      7,
      8,
      9,
      10,
      11,
      12,
      13,
      14,
      15,
      16,
      17,
      18,
      19,
      20,
      21,
      22,
      23,
      24,
      25,
      26,
      27,
      28,
      29,
      30,
      31,
      32,
      33,
      34,
      35,
      36,
      37,
      38,
      39,
      40,
      41,
      42,
      43,
      44,
      45,
      46,
      47,
      48,
      49,
      50,
      51,
      52,
      53,
      54,
      55,
      56,
      57,
      58,
      59,
    ],
    "months": Array [
      1,
      2,
      3,
      4,
      5,
      6,
      7,
      8,
      9,
      10,
      11,
      12,
    ],
    "options": Object {
      "backfillPeriod": 0,
      "maxAttempts": undefined,
      "priority": undefined,
      "queueName": undefined,
    },
    "payload": null,
    "task": "simple",
  },
  Object {
    "dates": Array [
      1,
      2,
      3,
      4,
      5,
      6,
      7,
      8,
      9,
      10,
      11,
      12,
      13,
      14,
      15,
      16,
      17,
      18,
      19,
      20,
      21,
      22,
      23,
      24,
      25,
      26,
      27,
      28,
      29,
      30,
      31,
    ],
    "dows": Array [
      0,
      1,
      2,
      3,
      4,
      5,
      6,
    ],
    "hours": Array [
      4,
    ],
    "identifier": "every_day_at_4_am",
    "minutes": Array [
      0,
    ],
    "months": Array [
      1,
      2,
      3,
      4,
      5,
      6,
      7,
      8,
      9,
      10,
      11,
      12,
    ],
    "options": Object {
      "backfillPeriod": 0,
      "maxAttempts": undefined,
      "priority": undefined,
      "queueName": undefined,
    },
    "payload": null,
    "task": "every_day_at_4_am",
  },
  Object {
    "dates": Array [
      1,
      2,
      3,
      4,
      5,
      6,
      7,
      8,
      9,
      10,
      11,
      12,
      13,
      14,
      15,
      16,
      17,
      18,
      19,
      20,
      21,
      22,
      23,
      24,
      25,
      26,
      27,
      28,
      29,
      30,
      31,
    ],
    "dows": Array [
      0,
    ],
    "hours": Array [
      4,
    ],
    "identifier": "every_sunday_at_4_am",
    "minutes": Array [
      0,
    ],
    "months": Array [
      1,
      2,
      3,
      4,
      5,
      6,
      7,
      8,
      9,
      10,
      11,
      12,
    ],
    "options": Object {
      "backfillPeriod": 0,
      "maxAttempts": undefined,
      "priority": undefined,
      "queueName": undefined,
    },
    "payload": null,
    "task": "every_sunday_at_4_am",
  },
  Object {
    "dates": Array [
      1,
      2,
      3,
      4,
      5,
      6,
      7,
      8,
      9,
      10,
      11,
      12,
      13,
      14,
      15,
      16,
      17,
      18,
      19,
      20,
      21,
      22,
      23,
      24,
      25,
      26,
      27,
      28,
      29,
      30,
      31,
    ],
    "dows": Array [
      0,
    ],
    "hours": Array [
      4,
    ],
    "identifier": "sunday_7",
    "minutes": Array [
      0,
    ],
    "months": Array [
      1,
      2,
      3,
      4,
      5,
      6,
      7,
      8,
      9,
      10,
      11,
      12,
    ],
    "options": Object {
      "backfillPeriod": 0,
      "maxAttempts": undefined,
      "priority": undefined,
      "queueName": undefined,
    },
    "payload": null,
    "task": "every_sunday_at_4_am",
  },
  Object {
    "dates": Array [
      1,
      2,
      3,
      4,
      5,
      6,
      7,
      8,
      9,
      10,
      11,
      12,
      13,
      14,
      15,
      16,
      17,
      18,
      19,
      20,
      21,
      22,
      23,
      24,
      25,
      26,
      27,
      28,
      29,
      30,
      31,
    ],
    "dows": Array [
      2,
    ],
    "hours": Array [
      4,
    ],
    "identifier": "every_tuesday_at_4_am",
    "minutes": Array [
      0,
    ],
    "months": Array [
      1,
      2,
      3,
      4,
      5,
      6,
      7,
      8,
      9,
      10,
      11,
      12,
    ],
    "options": Object {
      "backfillPeriod": 0,
      "maxAttempts": undefined,
      "priority": undefined,
      "queueName": undefined,
    },
    "payload": Object {
      "isTuesday": true,
    },
    "task": "every_tuesday_at_4_am",
  },
  Object {
    "dates": Array [
      1,
    ],
    "dows": Array [
      1,
    ],
    "hours": Array [
      1,
    ],
    "identifier": "stuff",
    "minutes": Array [
      0,
      7,
      10,
      20,
      30,
      40,
      50,
      56,
      57,
      58,
      59,
    ],
    "months": Array [
      1,
    ],
    "options": Object {
      "backfillPeriod": 2685660000,
      "maxAttempts": 3,
      "priority": 3,
      "queueName": "my_queue",
    },
    "payload": Object {
      "myExtraPayload": Object {
        "stuff": "here with # hash char",
      },
    },
    "task": "one",
  },
  Object {
    "dates": Array [
      1,
      2,
      3,
      4,
      5,
      6,
      7,
      8,
      9,
      10,
      11,
      12,
      13,
      14,
      15,
      16,
      17,
      18,
      19,
      20,
      21,
      22,
      23,
      24,
      25,
      26,
      27,
      28,
      29,
      30,
      31,
    ],
    "dows": Array [
      0,
      1,
      2,
      3,
      4,
      5,
      6,
    ],
    "hours": Array [
      0,
      1,
      2,
      3,
      4,
      5,
      6,
      7,
      8,
      9,
      10,
      11,
      12,
      13,
      14,
      15,
      16,
      17,
      18,
      19,
      20,
      21,
      22,
      23,
    ],
    "identifier": "lots_of_spaces",
    "minutes": Array [
      0,
      1,
      2,
      3,
      4,
      5,
      6,
      7,
      8,
      9,
      10,
      11,
      12,
      13,
      14,
      15,
      16,
      17,
      18,
      19,
      20,
      21,
      22,
      23,
      24,
      25,
      26,
      27,
      28,
      29,
      30,
      31,
      32,
      33,
      34,
      35,
      36,
      37,
      38,
      39,
      40,
      41,
      42,
      43,
      44,
      45,
      46,
      47,
      48,
      49,
      50,
      51,
      52,
      53,
      54,
      55,
      56,
      57,
      58,
      59,
    ],
    "months": Array [
      1,
      2,
      3,
      4,
      5,
      6,
      7,
      8,
      9,
      10,
      11,
      12,
    ],
    "options": Object {
      "backfillPeriod": 0,
      "maxAttempts": undefined,
      "priority": undefined,
      "queueName": undefined,
    },
    "payload": null,
    "task": "lots_of_spaces",
  },
]
`;
